------------------------------------------------------------
TimeQuest Timing Analyzer Summary
------------------------------------------------------------

Type  : Slow 1200mV 85C Model Setup 'BB_SYSTEM_CLOCK_50'
Slack : -4.046
TNS   : -47.360

Type  : Slow 1200mV 85C Model Hold 'BB_SYSTEM_CLOCK_50'
Slack : 0.358
TNS   : 0.000

Type  : Slow 1200mV 85C Model Minimum Pulse Width 'BB_SYSTEM_CLOCK_50'
Slack : -3.000
TNS   : -42.000

Type  : Slow 1200mV 0C Model Setup 'BB_SYSTEM_CLOCK_50'
Slack : -3.521
TNS   : -39.397

Type  : Slow 1200mV 0C Model Hold 'BB_SYSTEM_CLOCK_50'
Slack : 0.312
TNS   : 0.000

Type  : Slow 1200mV 0C Model Minimum Pulse Width 'BB_SYSTEM_CLOCK_50'
Slack : -3.000
TNS   : -42.000

Type  : Fast 1200mV 0C Model Setup 'BB_SYSTEM_CLOCK_50'
Slack : -1.797
TNS   : -13.808

Type  : Fast 1200mV 0C Model Hold 'BB_SYSTEM_CLOCK_50'
Slack : 0.186
TNS   : 0.000

Type  : Fast 1200mV 0C Model Minimum Pulse Width 'BB_SYSTEM_CLOCK_50'
Slack : -3.000
TNS   : -52.781

------------------------------------------------------------
